{
  "output": {
    "SCF": {
      "nucl_rep_energy": 4475.262668100429,
      "iter": {
        "1": {
          "energy": -1889.1269824644223,
          "e_diff": -1889.1269824644223,
          "rmsd": 0.010728802301404114,
          "performance": {
            "total_time": 3.177378299
          }
        },
        "2": {
          "energy": -1889.7673476552536,
          "e_diff": -0.6403651908312895,
          "rmsd": 0.005419096670553817,
          "performance": {
            "total_time": 4.276374071
          }
        },
        "3": {
          "energy": -1890.2150601313979,
          "e_diff": -0.447712476144261,
          "rmsd": 0.0009357654981807088,
          "performance": {
            "total_time": 3.17836137
          }
        },
        "4": {
          "energy": -1890.233016963255,
          "e_diff": -0.01795683185719099,
          "rmsd": 0.0003966128034843691,
          "performance": {
            "total_time": 3.178639027
          }
        },
        "5": {
          "energy": -1890.2358705578245,
          "e_diff": -0.0028535945693874964,
          "rmsd": 0.00021643765782968012,
          "performance": {
            "total_time": 3.183668211
          }
        },
        "6": {
          "energy": -1890.2363083568416,
          "e_diff": -0.0004377990171633428,
          "rmsd": 9.877430202775358e-05,
          "performance": {
            "total_time": 3.194116586
          }
        },
        "7": {
          "energy": -1890.236406541464,
          "e_diff": -9.81846224021865e-05,
          "rmsd": 4.3573252561953276e-05,
          "performance": {
            "total_time": 4.067460107
          }
        },
        "8": {
          "energy": -1890.2364234545967,
          "e_diff": -1.6913132640183903e-05,
          "rmsd": 1.1873340501180779e-05,
          "performance": {
            "total_time": 3.20327301
          }
        },
        "9": {
          "energy": -1890.236425345296,
          "e_diff": -1.8906994228018448e-06,
          "rmsd": 3.037964214545139e-06,
          "performance": {
            "total_time": 3.21347897
          }
        },
        "10": {
          "energy": -1890.2364255258472,
          "e_diff": -1.8055106920655817e-07,
          "rmsd": 1.052504721685541e-06,
          "performance": {
            "total_time": 3.219198324
          }
        },
        "11": {
          "energy": -1890.2364255489829,
          "e_diff": -2.313572622369975e-08,
          "rmsd": 3.8503890224021775e-07,
          "performance": {
            "total_time": 3.252110085
          }
        },
        "12": {
          "energy": -1890.2364255518487,
          "e_diff": -2.865817805286497e-09,
          "rmsd": 1.5783756224422576e-07,
          "performance": {
            "total_time": 3.254284735
          }
        },
        "13": {
          "energy": -1890.2364255522662,
          "e_diff": -4.1745806811377406e-10,
          "rmsd": 7.89610228331105e-08,
          "performance": {
            "total_time": 3.394743458
          }
        }
      },
      "final_energy": -1890.2364255522662,
      "n_iterations": 13
    },
    "CD": {
      "n_cholesky_vectors": 2333
    },
    "CCSD": {
      "iter": {
        "1": {
          "residual": 1.5488198959225974,
          "correlation": 0.0,
          "performance": {
            "total_time": 44.94849049
          }
        },
        "2": {
          "residual": 0.23427161971896038,
          "correlation": -3.934636130333998,
          "performance": {
            "total_time": 44.982068407
          }
        },
        "3": {
          "residual": 0.09903709709060907,
          "correlation": -3.9733160228360744,
          "performance": {
            "total_time": 44.67715573
          }
        },
        "4": {
          "residual": 0.03443674230573133,
          "correlation": -4.1178619999382935,
          "performance": {
            "total_time": 44.679130305
          }
        },
        "5": {
          "residual": 0.019017381278698033,
          "correlation": -4.130616794921958,
          "performance": {
            "total_time": 44.756815023
          }
        },
        "6": {
          "residual": 0.007587843458531064,
          "correlation": -4.158098986994866,
          "performance": {
            "total_time": 44.90705685
          }
        },
        "7": {
          "residual": 0.0032780937380476024,
          "correlation": -4.157488431243483,
          "performance": {
            "total_time": 45.131219903
          }
        },
        "8": {
          "residual": 0.0017613395238831315,
          "correlation": -4.158510265724001,
          "performance": {
            "total_time": 45.142113822
          }
        },
        "9": {
          "residual": 0.0008887171522823565,
          "correlation": -4.158660845561743,
          "performance": {
            "total_time": 44.984021118
          }
        },
        "10": {
          "residual": 0.0005630589397208675,
          "correlation": -4.158901712203653,
          "performance": {
            "total_time": 45.03268134
          }
        },
        "11": {
          "residual": 0.00014142775499818093,
          "correlation": -4.1591007485491245,
          "performance": {
            "total_time": 44.754019457
          }
        },
        "12": {
          "residual": 7.26220378666209e-05,
          "correlation": -4.15922694691235,
          "performance": {
            "total_time": 44.994923674
          }
        },
        "13": {
          "residual": 4.2991464230325455e-05,
          "correlation": -4.159232883609643,
          "performance": {
            "total_time": 44.896790956
          }
        },
        "14": {
          "residual": 2.977431902474512e-05,
          "correlation": -4.159234655046466,
          "performance": {
            "total_time": 45.015552456
          }
        },
        "15": {
          "residual": 2.033836539555351e-05,
          "correlation": -4.159235673418723,
          "performance": {
            "total_time": 44.95478251
          }
        },
        "16": {
          "residual": 6.688990054570346e-06,
          "correlation": -4.159234301479996,
          "performance": {
            "total_time": 45.092610493
          }
        },
        "17": {
          "residual": 3.5876508094871872e-06,
          "correlation": -4.159236669318126,
          "performance": {
            "total_time": 44.861878577
          }
        },
        "18": {
          "residual": 2.5370261559674257e-06,
          "correlation": -4.159236540088763,
          "performance": {
            "total_time": 44.954944368
          }
        },
        "19": {
          "residual": 1.9674682877261343e-06,
          "correlation": -4.159236706576976,
          "performance": {
            "total_time": 44.942382646
          }
        },
        "20": {
          "residual": 1.664791250643561e-06,
          "correlation": -4.159236756119696,
          "performance": {
            "total_time": 44.765442837
          }
        },
        "21": {
          "residual": 4.857070286393798e-07,
          "correlation": -4.159236702338797,
          "performance": {
            "total_time": 44.815795435
          }
        }
      },
      "n_iterations": 21,
      "final_energy": {
        "correlation": -4.159236702338797,
        "total": -1894.395662254605
      }
    },
    "CCSD(T)": {
      "[T]Energies": {
        "correction": -0.14237243849502376,
        "correlation": -4.30160914083382,
        "total": -1894.5380346931
      },
      "(T)Energies": {
        "correction": -0.129101425642491,
        "correlation": -4.288338127981288,
        "total": -1894.5247636802476
      },
      "performance": {
        "total_time": 864.447849803,
        "gflops": 234747.85139673293,
        "total_num_ops": 2.0292727538577997e+17,
        "load_imbalance": 0.007057085792844808
      }
    }
  },
  "input": {
    "molecule": {
      "name": "ubiquitin_dgrtl",
      "basisset": "6-31g",
      "geometry_units": "angstrom"
    },
    "SCF": {
      "tol_int": 1e-22,
      "tol_sch": 1e-16,
      "tol_lindep": 1e-05,
      "conve": 1e-08,
      "convd": 1e-07,
      "diis_hist": 12,
      "AO_tilesize": 30,
      "force_tilesize": "false",
      "scf_type": "restricted",
      "multiplicity": 1,
      "lambdas": [],
      "polvecs": [],
      "omegas": [],
      "volumes": []
    },
    "CD": {
      "diagtol": 1e-05,
      "itilesize": 1000,
      "write_cv": [true, 5000],
      "max_cvecs_factor": 12
    },
    "CCSD": {
      "threshold": 1e-06,
      "tilesize": 60,
      "ndiis": 5,
      "readt": "false",
      "writet": "true",
      "ccsd_maxiter": 50,
      "balance_tiles": "true"
    },
    "CCSD_T": {
      "skip_ccsd": false,
      "ccsdt_tilesize": 40
    }
  }
}
