{
  "output": {
    "machine_info": {
      "date": "Tue Apr 29 21:06:03 2025",
      "nnodes": 1,
      "nproc_per_node": 2,
      "nproc_total": 2,
      "cpu": {
        "name": "Intel(R) Xeon(R) Platinum 8276M CPU @ 2.20GHz",
        "cpu_memory_per_node_gib": 6046,
        "total_cpu_memory_gib": 6046
      }
    },
    "system_info": {
      "nbf": 35,
      "nshells": 25,
      "nelectrons_total": 42,
      "nelectrons_alpha": 21,
      "nelectrons_beta": 21,
      "nbf_orig": 35
    },
    "SCF": {
      "nucl_rep_energy": 193.74693406240297,
      "xHF": 1.0,
      "iter": {
        "1": {
          "energy": -228.17598868538923,
          "e_diff": -228.17598868538923,
          "rmsd": 0.13516400609605103,
          "ediis": 75.78221767163963,
          "performance": {
            "total_time": 0.031426701
          }
        },
        "2": {
          "energy": -229.2204542809835,
          "e_diff": -1.0444655955942608,
          "rmsd": 0.020507497526920507,
          "ediis": 0.2124299978523023,
          "performance": {
            "total_time": 0.077423671
          }
        },
        "3": {
          "energy": -229.28948930459862,
          "e_diff": -0.06903502361512892,
          "rmsd": 0.004885653726474244,
          "ediis": 0.014100100101005708,
          "performance": {
            "total_time": 0.077694568
          }
        },
        "4": {
          "energy": -229.293863776677,
          "e_diff": -0.004374472078382041,
          "rmsd": 0.0016262613582370565,
          "ediis": 0.0006422688188763034,
          "performance": {
            "total_time": 0.078201911
          }
        },
        "5": {
          "energy": -229.29417589320965,
          "e_diff": -0.00031211653265472705,
          "rmsd": 0.00011444086293813425,
          "ediis": 4.22597427102378e-06,
          "performance": {
            "total_time": 0.079498324
          }
        },
        "6": {
          "energy": -229.2941779563727,
          "e_diff": -2.0631630377465626e-06,
          "rmsd": 3.3602197512883654e-05,
          "ediis": 2.6070252595235927e-07,
          "performance": {
            "total_time": 0.079368973
          }
        },
        "7": {
          "energy": -229.29417810226298,
          "e_diff": -1.4589028296541073e-07,
          "rmsd": 5.20592470021211e-06,
          "ediis": 8.463542220757229e-09,
          "performance": {
            "total_time": 0.08036933
          }
        },
        "8": {
          "energy": -229.29417810631,
          "e_diff": -4.0470240492140874e-09,
          "rmsd": 1.2546257835990571e-06,
          "ediis": 4.3421684353353004e-10,
          "performance": {
            "total_time": 0.081683199
          }
        },
        "9": {
          "energy": -229.2941781065356,
          "e_diff": -2.25611529458547e-10,
          "rmsd": 2.2136320042269335e-07,
          "ediis": 1.0196675293335693e-11,
          "performance": {
            "total_time": 0.082849952
          }
        },
        "10": {
          "energy": -229.2941781065417,
          "e_diff": -6.0822458181064576e-12,
          "rmsd": 2.9652157091991967e-08,
          "ediis": 1.9886798372102279e-13,
          "performance": {
            "total_time": 0.084370959
          }
        }
      },
      "NE_1e": -924.0713171527553,
      "kinetic_1e": 227.3765923744628,
      "energy_1e": -696.6947247782925,
      "energy_2e": 273.65361260934793,
      "final_energy": -229.2941781065417,
      "n_iterations": 10,
      "performance": {
        "total_time": 0.8184003
      }
    },
    "CD": {
      "n_cholesky_vectors": 189,
      "diagtol": 1e-05
    },
    "CCSD": {
      "iter": {
        "1": {
          "residual": 0.38631778434390346,
          "correlation": 0.0,
          "performance": {
            "total_time": 0.041491508
          }
        },
        "2": {
          "residual": 0.10234131247988294,
          "correlation": -0.24330569530998641,
          "performance": {
            "total_time": 0.033919652
          }
        },
        "3": {
          "residual": 0.036539216709412375,
          "correlation": -0.29647046582145736,
          "performance": {
            "total_time": 0.034412019
          }
        },
        "4": {
          "residual": 0.01477484487420157,
          "correlation": -0.31277239624157044,
          "performance": {
            "total_time": 0.033430018
          }
        },
        "5": {
          "residual": 0.006489120377940913,
          "correlation": -0.3184469633123392,
          "performance": {
            "total_time": 0.033332054
          }
        },
        "6": {
          "residual": 0.0014507452215164287,
          "correlation": -0.3222747946303674,
          "performance": {
            "total_time": 0.033651135
          }
        },
        "7": {
          "residual": 0.0005330665722503366,
          "correlation": -0.3223420353700913,
          "performance": {
            "total_time": 0.032574146
          }
        },
        "8": {
          "residual": 0.00023841628478537673,
          "correlation": -0.3223432042743057,
          "performance": {
            "total_time": 0.032567839
          }
        },
        "9": {
          "residual": 0.00011447119065121058,
          "correlation": -0.322346361601714,
          "performance": {
            "total_time": 0.032816195
          }
        },
        "10": {
          "residual": 5.6941122585940316e-05,
          "correlation": -0.32234980712813804,
          "performance": {
            "total_time": 0.032570199
          }
        },
        "11": {
          "residual": 1.3948188058961855e-05,
          "correlation": -0.32235234544019015,
          "performance": {
            "total_time": 0.034004591
          }
        },
        "12": {
          "residual": 4.937721554739802e-06,
          "correlation": -0.32235684669254333,
          "performance": {
            "total_time": 0.032636759
          }
        },
        "13": {
          "residual": 2.1729449578845534e-06,
          "correlation": -0.3223581717864715,
          "performance": {
            "total_time": 0.033020967
          }
        },
        "14": {
          "residual": 1.0273721466298663e-06,
          "correlation": -0.3223585608086487,
          "performance": {
            "total_time": 0.032576969
          }
        },
        "15": {
          "residual": 5.198930137100226e-07,
          "correlation": -0.32235871392598026,
          "performance": {
            "total_time": 0.032501268
          }
        }
      },
      "n_iterations": 15,
      "final_energy": {
        "correlation": -0.32235871392598026,
        "total": -229.61653682046767
      },
      "performance": {
        "total_time": 0.5398481
      }
    },
    "CCSD(T)": {
      "[T]Energies": {
        "correction": -0.002394401847429249,
        "correlation": -0.3247531157734095,
        "total": -229.6189312223151
      },
      "(T)Energies": {
        "correction": -0.002256149503764586,
        "correlation": -0.3246148634297448,
        "total": -229.61879296997142
      },
      "performance": {
        "total_time": 30.908430373,
        "gflops": 1.001410933472639,
        "total_num_ops": 30952040112.0,
        "load_imbalance": 0.029442200057332557
      }
    }
  },
  "molecule": {
    "name": "butanol2_pt",
    "basis": {
      "basisset": "sto-3g"
    },
    "nbf": 35,
    "nshells": 25,
    "nelectrons": 42,
    "nelectrons_alpha": 21,
    "nelectrons_beta": 21
  },
  "input": {
    "geometry": {
      "coordinates": [
        "O    -0.4984620     1.4063000     0.0566900",
        "H    -0.6272760     1.4153340     1.0219960",
        "C    -1.7976170    -0.6477810    -0.0013960",
        "H    -1.9371230    -0.6889420     1.0852800",
        "H    -1.8254880    -1.6727660    -0.3835440",
        "C    -0.4781370     0.0299870    -0.3384890",
        "H    -0.3563600     0.0678600    -1.4271690",
        "C     0.7171420    -0.6969750     0.2675900",
        "H     0.6984610    -1.7439300    -0.0599010",
        "H     0.5927990    -0.7111830     1.3600520",
        "C     2.0462050    -0.0490570    -0.0987590",
        "H     2.2088640    -0.0856040    -1.1802980",
        "H     2.0548120     0.9993650     0.2054500",
        "H     2.8816860    -0.5616270     0.3860840",
        "H    -2.6282350    -0.0859480    -0.4351470"
      ],
      "units": "angstrom"
    },
    "basis": {
      "basisset": "sto-3g"
    },
    "SCF": {
      "tol_int": 1e-16,
      "tol_lindep": 1e-06,
      "conve": 1e-08,
      "convd": 1e-07,
      "charge": 0,
      "multiplicity": 1,
      "scf_type": "restricted",
      "restart": false
    },
    "CC": {
      "threshold": 1e-06,
      "ccsd_maxiter": 50,
      "writet": false,
      "CCSD(T)": {
        "skip_ccsd": false,
        "ccsdt_tilesize": 40
      }
    },
    "TASK": {
      "ccsd_t": true
    }
  }
}
