{
  "output": {
    "SCF": {
      "nucl_rep_energy": 6.183285003016088,
      "iter": {
        "1": {
          "energy": -75.71283049774121,
          "e_diff": -75.71283049774121,
          "rmsd": 0.03257955214067849,
          "performance": {
            "total_time": 0.015483992
          }
        },
        "2": {
          "energy": -75.74683352422767,
          "e_diff": -0.034003026486459476,
          "rmsd": 0.015804998990789906,
          "performance": {
            "total_time": 0.016016877
          }
        },
        "3": {
          "energy": -75.82382142643303,
          "e_diff": -0.07698790220536011,
          "rmsd": 0.0022930807219939463,
          "performance": {
            "total_time": 0.01943365
          }
        },
        "4": {
          "energy": -75.82501301390948,
          "e_diff": -0.0011915874764554246,
          "rmsd": 0.0007599484695402699,
          "performance": {
            "total_time": 0.01713271
          }
        },
        "5": {
          "energy": -75.82509726920236,
          "e_diff": -8.425529287592326e-05,
          "rmsd": 0.00011463504389507483,
          "performance": {
            "total_time": 0.017627853
          }
        },
        "6": {
          "energy": -75.82509912555741,
          "e_diff": -1.856355055451786e-06,
          "rmsd": 2.2579210521510233e-05,
          "performance": {
            "total_time": 0.018561676
          }
        },
        "7": {
          "energy": -75.82509920328712,
          "e_diff": -7.772970889163844e-08,
          "rmsd": 9.921263883054612e-06,
          "performance": {
            "total_time": 0.019975653
          }
        },
        "8": {
          "energy": -75.8250992178641,
          "e_diff": -1.4576983176084468e-08,
          "rmsd": 7.3331245621584e-06,
          "performance": {
            "total_time": 0.021449152
          }
        },
        "9": {
          "energy": -75.82509922158832,
          "e_diff": -3.7242102735035587e-09,
          "rmsd": 9.219365199281313e-07,
          "performance": {
            "total_time": 0.022218363
          }
        },
        "10": {
          "energy": -75.82509922164854,
          "e_diff": -6.022560228302609e-11,
          "rmsd": 2.5171316946242752e-08,
          "performance": {
            "total_time": 0.022121757
          }
        },
        "11": {
          "energy": -75.82509922164871,
          "e_diff": -1.7053025658242404e-13,
          "rmsd": 3.1259583296428102e-09,
          "performance": {
            "total_time": 0.027348867
          }
        }
      },
      "final_energy": -75.82509922164871,
      "n_iterations": 11
    },
    "CD": {
      "n_cholesky_vectors": 279
    },
    "CCSD": {
      "iter": {
        "1": {
          "residual": 0.4157541087083203,
          "correlation": 0.0,
          "performance": {
            "total_time": 0.020237294
          }
        },
        "2": {
          "residual": 0.06424175593024127,
          "correlation": -0.24178574522930443,
          "performance": {
            "total_time": 0.016777445
          }
        },
        "3": {
          "residual": 0.0282181840527429,
          "correlation": -0.23843441947332483,
          "performance": {
            "total_time": 0.016414535
          }
        },
        "4": {
          "residual": 0.012422989280636435,
          "correlation": -0.24947399821529032,
          "performance": {
            "total_time": 0.01668355
          }
        },
        "5": {
          "residual": 0.007254640626670651,
          "correlation": -0.25145438996735475,
          "performance": {
            "total_time": 0.016822904
          }
        },
        "6": {
          "residual": 0.002895954799527687,
          "correlation": -0.2546772617837789,
          "performance": {
            "total_time": 0.016935667
          }
        },
        "7": {
          "residual": 0.001391501034277666,
          "correlation": -0.25467679217271566,
          "performance": {
            "total_time": 0.016908302
          }
        },
        "8": {
          "residual": 0.0009480890889172273,
          "correlation": -0.25478771729865884,
          "performance": {
            "total_time": 0.016443071
          }
        },
        "9": {
          "residual": 0.000604161687088962,
          "correlation": -0.2548418937616446,
          "performance": {
            "total_time": 0.016990744
          }
        },
        "10": {
          "residual": 0.0004092788385218819,
          "correlation": -0.2548855121058329,
          "performance": {
            "total_time": 0.015945251
          }
        },
        "11": {
          "residual": 3.467549423758688e-05,
          "correlation": -0.25496920548166363,
          "performance": {
            "total_time": 0.016813848
          }
        },
        "12": {
          "residual": 1.2080635866347568e-05,
          "correlation": -0.25498333323632477,
          "performance": {
            "total_time": 0.016130666
          }
        },
        "13": {
          "residual": 5.954976846002662e-06,
          "correlation": -0.2549815894875569,
          "performance": {
            "total_time": 0.017621322
          }
        },
        "14": {
          "residual": 3.221361724946719e-06,
          "correlation": -0.2549821688480949,
          "performance": {
            "total_time": 0.016377396
          }
        },
        "15": {
          "residual": 1.7970492428544318e-06,
          "correlation": -0.2549820695999331,
          "performance": {
            "total_time": 0.017706246
          }
        },
        "16": {
          "residual": 5.382779703601262e-07,
          "correlation": -0.25498209961330265,
          "performance": {
            "total_time": 0.019920946
          }
        }
      },
      "n_iterations": 16,
      "final_energy": {
        "correlation": -0.25498209961330265,
        "total": -76.08008132126201
      }
    },
    "EOMCCSD": {
      "iter": {
        "1": {
          "num_trial_vectors": 4,
          "root1": {
            "residual": 0.9736590355323845,
            "energy": 0.24524899413814072
          },
          "root2": {
            "residual": 0.8290738447540204,
            "energy": 0.2600796869608285
          },
          "root3": {
            "residual": 1.0083789633804223,
            "energy": 0.2811037440793468
          },
          "root4": {
            "residual": 0.9230233341632694,
            "energy": 0.4170917451828861
          },
          "performance": {
            "total_time": 0.267568841
          }
        },
        "2": {
          "num_trial_vectors": 8,
          "root1": {
            "residual": 0.2015438869793286,
            "energy": 0.11646124262191587
          },
          "root2": {
            "residual": 0.22408666084560497,
            "energy": 0.14217070911076138
          },
          "root3": {
            "residual": 0.18483073821426085,
            "energy": 0.17057102983693714
          },
          "root4": {
            "residual": 0.27582808038455453,
            "energy": 0.28575636833336476
          },
          "performance": {
            "total_time": 0.274119645
          }
        },
        "3": {
          "num_trial_vectors": 12,
          "root1": {
            "residual": 0.0850042262731914,
            "energy": 0.10994238444999029
          },
          "root2": {
            "residual": 0.10760791824811232,
            "energy": 0.13262415246065531
          },
          "root3": {
            "residual": 0.08731957935730482,
            "energy": 0.1579254099551416
          },
          "root4": {
            "residual": 0.1489385378534074,
            "energy": 0.2680431659474639
          },
          "performance": {
            "total_time": 0.326899066
          }
        },
        "4": {
          "num_trial_vectors": 16,
          "root1": {
            "residual": 0.02797078086453325,
            "energy": 0.1082213914761434
          },
          "root2": {
            "residual": 0.028690339145903795,
            "energy": 0.1309279770821088
          },
          "root3": {
            "residual": 0.05678019060249667,
            "energy": 0.15149521176193584
          },
          "root4": {
            "residual": 0.05774997020290243,
            "energy": 0.2615210972804028
          },
          "performance": {
            "total_time": 0.384246802
          }
        },
        "5": {
          "num_trial_vectors": 20,
          "root1": {
            "residual": 0.007933230605374693,
            "energy": 0.1083023671631064
          },
          "root2": {
            "residual": 0.008793188723657848,
            "energy": 0.1307231114373052
          },
          "root3": {
            "residual": 0.03685862156599575,
            "energy": 0.1482140590027776
          },
          "root4": {
            "residual": 0.02764230891437502,
            "energy": 0.259786514023012
          },
          "performance": {
            "total_time": 0.421631524
          }
        },
        "6": {
          "num_trial_vectors": 24,
          "root1": {
            "residual": 0.0020009509654801473,
            "energy": 0.10828128996469509
          },
          "root2": {
            "residual": 0.0035998480540368276,
            "energy": 0.13075933667907666
          },
          "root3": {
            "residual": 0.013703483912331784,
            "energy": 0.14761865200102314
          },
          "root4": {
            "residual": 0.017127102474273063,
            "energy": 0.25976110494493887
          },
          "performance": {
            "total_time": 0.464113676
          }
        },
        "7": {
          "num_trial_vectors": 28,
          "root1": {
            "residual": 0.0008479522748586105,
            "energy": 0.10832744527627962
          },
          "root2": {
            "residual": 0.001292371289268737,
            "energy": 0.13075214124892717
          },
          "root3": {
            "residual": 0.003934263642499628,
            "energy": 0.14723402179501727
          },
          "root4": {
            "residual": 0.006340501538335783,
            "energy": 0.2594371454197328
          },
          "performance": {
            "total_time": 0.506699461
          }
        },
        "8": {
          "num_trial_vectors": 32,
          "root1": {
            "residual": 0.00034485719631527817,
            "energy": 0.10832100161826186
          },
          "root2": {
            "residual": 0.0004062047052159386,
            "energy": 0.13076514663921546
          },
          "root3": {
            "residual": 0.0012100332819487008,
            "energy": 0.14727741179133771
          },
          "root4": {
            "residual": 0.003349367136239027,
            "energy": 0.25956542540772926
          },
          "performance": {
            "total_time": 0.552295878
          }
        },
        "9": {
          "num_trial_vectors": 36,
          "root1": {
            "residual": 0.00012178478590651098,
            "energy": 0.10832458175199128
          },
          "root2": {
            "residual": 0.00010046745289942028,
            "energy": 0.13076065657412253
          },
          "root3": {
            "residual": 0.00039884877320226777,
            "energy": 0.14729338114180282
          },
          "root4": {
            "residual": 0.0016210709787233344,
            "energy": 0.2595580347987579
          },
          "performance": {
            "total_time": 0.595969141
          }
        },
        "10": {
          "num_trial_vectors": 40,
          "root1": {
            "residual": 4.011329081864694e-05,
            "energy": 0.10832248544936421
          },
          "root2": {
            "residual": 2.5072906896913377e-05,
            "energy": 0.13076210416837905
          },
          "root3": {
            "residual": 0.00012270574236352062,
            "energy": 0.14729333865665972
          },
          "root4": {
            "residual": 0.0007113160591094269,
            "energy": 0.2596003107646482
          },
          "performance": {
            "total_time": 0.702430887
          }
        },
        "11": {
          "num_trial_vectors": 44,
          "root1": {
            "residual": 1.1817543238168317e-05,
            "energy": 0.10832226282455859
          },
          "root2": {
            "residual": 5.246864734496186e-06,
            "energy": 0.13076189940401453
          },
          "root3": {
            "residual": 3.5329735072065215e-05,
            "energy": 0.1472957081222434
          },
          "root4": {
            "residual": 0.0003391318905959108,
            "energy": 0.2596110753596608
          },
          "performance": {
            "total_time": 0.911835986
          }
        },
        "12": {
          "num_trial_vectors": 48,
          "root1": {
            "residual": 4.548417388226284e-06,
            "energy": 0.10832208652809977
          },
          "root2": {
            "residual": 1.8816233619532522e-06,
            "energy": 0.1307619973239089
          },
          "root3": {
            "residual": 1.073378162177355e-05,
            "energy": 0.14729586701068106
          },
          "root4": {
            "residual": 0.0001221734808769284,
            "energy": 0.2596128385417789
          },
          "performance": {
            "total_time": 0.898973307
          }
        },
        "13": {
          "num_trial_vectors": 52,
          "root1": {
            "residual": 1.91158241016912e-06,
            "energy": 0.10832213224507395
          },
          "root2": {
            "residual": 4.3840778855184333e-07,
            "energy": 0.13076202531155826
          },
          "root3": {
            "residual": 2.7781269635395314e-06,
            "energy": 0.14729584768785092
          },
          "root4": {
            "residual": 3.550397636350716e-05,
            "energy": 0.2596128506901955
          },
          "performance": {
            "total_time": 0.885264726
          }
        },
        "14": {
          "num_trial_vectors": 55,
          "root1": {
            "residual": 5.757786456303984e-07,
            "energy": 0.10832212887046372
          },
          "root2": {
            "residual": 4.384077886883041e-07,
            "energy": 0.13076202531155806
          },
          "root3": {
            "residual": 6.753570107158334e-07,
            "energy": 0.14729584159595305
          },
          "root4": {
            "residual": 1.1324122781068675e-05,
            "energy": 0.2596126146984288
          },
          "performance": {
            "total_time": 0.548750154
          }
        },
        "15": {
          "num_trial_vectors": 56,
          "root1": {
            "residual": 5.757786446484165e-07,
            "energy": 0.10832212887046552
          },
          "root2": {
            "residual": 4.384077883081674e-07,
            "energy": 0.13076202531155803
          },
          "root3": {
            "residual": 6.753570105228327e-07,
            "energy": 0.14729584159595216
          },
          "root4": {
            "residual": 4.32131347688206e-06,
            "energy": 0.25961255715491305
          },
          "performance": {
            "total_time": 0.28007567
          }
        },
        "16": {
          "num_trial_vectors": 57,
          "root1": {
            "residual": 5.757786452634163e-07,
            "energy": 0.10832212887046132
          },
          "root2": {
            "residual": 4.3840778831936233e-07,
            "energy": 0.1307620253115544
          },
          "root3": {
            "residual": 6.753570104996449e-07,
            "energy": 0.147295841595952
          },
          "root4": {
            "residual": 1.620143021986955e-06,
            "energy": 0.2596125077996882
          },
          "performance": {
            "total_time": 0.271404594
          }
        },
        "17": {
          "num_trial_vectors": 58,
          "root1": {
            "residual": 5.757786451781133e-07,
            "energy": 0.1083221288704638
          },
          "root2": {
            "residual": 4.3840778841011915e-07,
            "energy": 0.13076202531155784
          },
          "root3": {
            "residual": 6.753570104233545e-07,
            "energy": 0.1472958415959527
          },
          "root4": {
            "residual": 5.997434990627204e-07,
            "energy": 0.2596125076489796
          },
          "performance": {
            "total_time": 0.215755493
          }
        }
      }
    }
  },
  "input": {
    "molecule": {
      "name": "h2o_eom",
      "basisset": "cc-pvdz",
      "geometry_units": "bohr"
    },
    "SCF": {
      "tol_int": 1e-16,
      "tol_lindep": 1e-06,
      "conve": 1e-09,
      "convd": 1e-08,
      "diis_hist": 10,
      "AO_tilesize": 30,
      "scf_type": "restricted",
      "multiplicity": 1,
      "lambdas": [],
      "polvecs": [],
      "omegas": [],
      "volumes": []
    },
    "CD": {
      "diagtol": 1e-12,
      "itilesize": 1000,
      "write_cv": [false, 5000],
      "max_cvecs_factor": 40
    },
    "CCSD": {
      "threshold": 1e-06,
      "tilesize": 40,
      "ndiis": 5,
      "readt": "false",
      "writet": "false",
      "ccsd_maxiter": 100,
      "balance_tiles": "true"
    },
    "EOMCCSD": {
      "eom_type": "right",
      "eom_nroots": 4,
      "eom_microiter": 50,
      "eom_threshold": 1e-06
    }
  }
}
