{
  "output": {
    "machine_info": {
      "date": "Tue Apr 29 21:06:36 2025",
      "nnodes": 1,
      "nproc_per_node": 2,
      "nproc_total": 2,
      "cpu": {
        "name": "Intel(R) Xeon(R) Platinum 8276M CPU @ 2.20GHz",
        "cpu_memory_per_node_gib": 6046,
        "total_cpu_memory_gib": 6046
      }
    },
    "system_info": {
      "nbf": 24,
      "nshells": 12,
      "nelectrons_total": 10,
      "nelectrons_alpha": 5,
      "nelectrons_beta": 5,
      "nbf_orig": 24
    },
    "SCF": {
      "nucl_rep_energy": 6.183285003016088,
      "xHF": 1.0,
      "iter": {
        "1": {
          "energy": -75.34726278098435,
          "e_diff": -75.34726278098435,
          "rmsd": 0.048147190812846435,
          "ediis": 5.90061009154629,
          "performance": {
            "total_time": 0.007392025
          }
        },
        "2": {
          "energy": -75.71283049774115,
          "e_diff": -0.3655677167568001,
          "rmsd": 0.02725964578884045,
          "ediis": 1.3876550219684878,
          "performance": {
            "total_time": 0.008123487
          }
        },
        "3": {
          "energy": -75.78865918500833,
          "e_diff": -0.07582868726717606,
          "rmsd": 0.010880602471485873,
          "ediis": 0.45708168114246955,
          "performance": {
            "total_time": 0.008510264
          }
        },
        "4": {
          "energy": -75.82392132199527,
          "e_diff": -0.035262136986943915,
          "rmsd": 0.0021559577104987428,
          "ediis": 0.007013914757234931,
          "performance": {
            "total_time": 0.008862748
          }
        },
        "5": {
          "energy": -75.82500901461407,
          "e_diff": -0.0010876926187961544,
          "rmsd": 0.0007847882719858862,
          "ediis": 0.00043141877204417,
          "performance": {
            "total_time": 0.009507672
          }
        },
        "6": {
          "energy": -75.8250974123836,
          "e_diff": -8.83977695309568e-05,
          "rmsd": 0.0001077721961855577,
          "ediis": 9.172593064239917e-06,
          "performance": {
            "total_time": 0.01022729
          }
        },
        "7": {
          "energy": -75.82509911573257,
          "e_diff": -1.7033489712048322e-06,
          "rmsd": 2.436176989888597e-05,
          "ediis": 3.570225626579456e-07,
          "performance": {
            "total_time": 0.011141335
          }
        },
        "8": {
          "energy": -75.82509920108862,
          "e_diff": -8.535604933967988e-08,
          "rmsd": 1.1005076859735656e-05,
          "ediis": 4.755391962819175e-08,
          "performance": {
            "total_time": 0.0121476
          }
        },
        "9": {
          "energy": -75.82509921789608,
          "e_diff": -1.6807462088763714e-08,
          "rmsd": 7.421917547267954e-06,
          "ediis": 8.373459330893653e-09,
          "performance": {
            "total_time": 0.013234327
          }
        },
        "10": {
          "energy": -75.8250992215963,
          "e_diff": -3.7002223507442977e-09,
          "rmsd": 8.032585549258699e-07,
          "ediis": 3.363894266610732e-10,
          "performance": {
            "total_time": 0.014500622
          }
        },
        "11": {
          "energy": -75.82509922164857,
          "e_diff": -5.226752364251297e-11,
          "rmsd": 1.6527558237537875e-08,
          "ediis": 3.762737235155526e-13,
          "performance": {
            "total_time": 0.017540854
          }
        },
        "12": {
          "energy": -75.82509922164868,
          "e_diff": -1.1368683772161603e-13,
          "rmsd": 2.9822178340958354e-09,
          "ediis": 3.5776282062347314e-15,
          "performance": {
            "total_time": 0.017520713
          }
        }
      },
      "NE_1e": -192.4429448176552,
      "kinetic_1e": 75.08790481411769,
      "energy_1e": -117.35504000353748,
      "energy_2e": 35.34665577887271,
      "final_energy": -75.82509922164868,
      "n_iterations": 12,
      "performance": {
        "total_time": 0.20501729
      }
    },
    "CD": {
      "n_cholesky_vectors": 279,
      "diagtol": 1e-12
    },
    "CCSD": {
      "iter": {
        "1": {
          "residual": 0.415754108708131,
          "correlation": 0.0,
          "performance": {
            "total_time": 0.014100132
          }
        },
        "2": {
          "residual": 0.0642417559826832,
          "correlation": -0.24178574541133327,
          "performance": {
            "total_time": 0.011446517
          }
        },
        "3": {
          "residual": 0.02821818410999966,
          "correlation": -0.23843441964341078,
          "performance": {
            "total_time": 0.01133139
          }
        },
        "4": {
          "residual": 0.012422989321376985,
          "correlation": -0.2494739984159245,
          "performance": {
            "total_time": 0.011373323
          }
        },
        "5": {
          "residual": 0.0072546406604085826,
          "correlation": -0.25145439017649057,
          "performance": {
            "total_time": 0.011328544
          }
        },
        "6": {
          "residual": 0.0028959548185064424,
          "correlation": -0.2546772620135397,
          "performance": {
            "total_time": 0.011237061
          }
        },
        "7": {
          "residual": 0.0013915010458854184,
          "correlation": -0.254676792402738,
          "performance": {
            "total_time": 0.011405032
          }
        },
        "8": {
          "residual": 0.0009480890977482349,
          "correlation": -0.25478771752980434,
          "performance": {
            "total_time": 0.011339417
          }
        },
        "9": {
          "residual": 0.0006041616934313229,
          "correlation": -0.25484189399344015,
          "performance": {
            "total_time": 0.011298918
          }
        },
        "10": {
          "residual": 0.0004092788432256705,
          "correlation": -0.25488551233819234,
          "performance": {
            "total_time": 0.011244853
          }
        },
        "11": {
          "residual": 3.4675494660913036e-05,
          "correlation": -0.2549692057153851,
          "performance": {
            "total_time": 0.011223571
          }
        },
        "12": {
          "residual": 1.2080636002510129e-05,
          "correlation": -0.25498333347025076,
          "performance": {
            "total_time": 0.011376662
          }
        },
        "13": {
          "residual": 5.954976901989566e-06,
          "correlation": -0.2549815897214622,
          "performance": {
            "total_time": 0.011286306
          }
        },
        "14": {
          "residual": 3.221361751381592e-06,
          "correlation": -0.25498216908201454,
          "performance": {
            "total_time": 0.011622786
          }
        },
        "15": {
          "residual": 1.7970492532503312e-06,
          "correlation": -0.25498206983385263,
          "performance": {
            "total_time": 0.01129001
          }
        },
        "16": {
          "residual": 5.382779735213802e-07,
          "correlation": -0.25498209984722586,
          "performance": {
            "total_time": 0.011255832
          }
        }
      },
      "n_iterations": 16,
      "final_energy": {
        "correlation": -0.25498209984722586,
        "total": -76.08008132149591
      },
      "performance": {
        "total_time": 0.210229859
      }
    },
    "EOMCCSD": {
      "iter": {
        "1": {
          "num_trial_vectors": 4,
          "root1": {
            "residual": 0.9736590355361296,
            "energy": 0.2452489931065886
          },
          "root2": {
            "residual": 0.8290738447875345,
            "energy": 0.2600796863273994
          },
          "root3": {
            "residual": 1.0083789634203633,
            "energy": 0.2811037430651094
          },
          "root4": {
            "residual": 0.9230233342910539,
            "energy": 0.4170917446637532
          },
          "performance": {
            "total_time": 0.211558677
          }
        },
        "2": {
          "num_trial_vectors": 8,
          "root1": {
            "residual": 0.20154388712500895,
            "energy": 0.11646124151430663
          },
          "root2": {
            "residual": 0.2240866610501227,
            "energy": 0.1421707079867728
          },
          "root3": {
            "residual": 0.18483073834235633,
            "energy": 0.17057102913450528
          },
          "root4": {
            "residual": 0.27582808060575237,
            "energy": 0.2857563676955505
          },
          "performance": {
            "total_time": 0.252157244
          }
        },
        "3": {
          "num_trial_vectors": 12,
          "root1": {
            "residual": 0.08500422636850143,
            "energy": 0.1099423833403573
          },
          "root2": {
            "residual": 0.10760791836133317,
            "energy": 0.13262415132146801
          },
          "root3": {
            "residual": 0.08731957940287446,
            "energy": 0.15792540924234774
          },
          "root4": {
            "residual": 0.1489385380429761,
            "energy": 0.26804316527915273
          },
          "performance": {
            "total_time": 0.295181193
          }
        },
        "4": {
          "num_trial_vectors": 16,
          "root1": {
            "residual": 0.027970780903447692,
            "energy": 0.10822139036515428
          },
          "root2": {
            "residual": 0.028690339172440238,
            "energy": 0.13092797594066463
          },
          "root3": {
            "residual": 0.05678019062962457,
            "energy": 0.15149521104061014
          },
          "root4": {
            "residual": 0.057749970289816446,
            "energy": 0.26152109660891915
          },
          "performance": {
            "total_time": 0.339986338
          }
        },
        "5": {
          "num_trial_vectors": 20,
          "root1": {
            "residual": 0.00793323062649176,
            "energy": 0.10830236605315126
          },
          "root2": {
            "residual": 0.008793188733561053,
            "energy": 0.13072311029607148
          },
          "root3": {
            "residual": 0.03685862158048172,
            "energy": 0.14821405827747586
          },
          "root4": {
            "residual": 0.027642309017420985,
            "energy": 0.259786513346639
          },
          "performance": {
            "total_time": 0.388029782
          }
        },
        "6": {
          "num_trial_vectors": 24,
          "root1": {
            "residual": 0.002000950970224608,
            "energy": 0.10828128885435376
          },
          "root2": {
            "residual": 0.003599848062638563,
            "energy": 0.13075933553799082
          },
          "root3": {
            "residual": 0.013703483924422551,
            "energy": 0.14761865127477045
          },
          "root4": {
            "residual": 0.017127102581944123,
            "energy": 0.2597611042710399
          },
          "performance": {
            "total_time": 0.429845375
          }
        },
        "7": {
          "num_trial_vectors": 28,
          "root1": {
            "residual": 0.0008479522794087637,
            "energy": 0.10832744416635097
          },
          "root2": {
            "residual": 0.0012923712928882155,
            "energy": 0.13075214010811467
          },
          "root3": {
            "residual": 0.003934263646851241,
            "energy": 0.14723402106753486
          },
          "root4": {
            "residual": 0.006340501581038009,
            "energy": 0.2594371447447318
          },
          "performance": {
            "total_time": 0.476053796
          }
        },
        "8": {
          "num_trial_vectors": 32,
          "root1": {
            "residual": 0.0003448571992574359,
            "energy": 0.1083210005082321
          },
          "root2": {
            "residual": 0.00040620470549070965,
            "energy": 0.1307651454983968
          },
          "root3": {
            "residual": 0.0012100332843142914,
            "energy": 0.14727741106414685
          },
          "root4": {
            "residual": 0.003349367169330682,
            "energy": 0.25956542473390926
          },
          "performance": {
            "total_time": 0.523010541
          }
        },
        "9": {
          "num_trial_vectors": 36,
          "root1": {
            "residual": 0.0001217847866000984,
            "energy": 0.10832458064194644
          },
          "root2": {
            "residual": 0.00010046745292166618,
            "energy": 0.1307606554332654
          },
          "root3": {
            "residual": 0.0003988487738880127,
            "energy": 0.1472933804146887
          },
          "root4": {
            "residual": 0.001621070994138539,
            "energy": 0.2595580341249821
          },
          "performance": {
            "total_time": 0.570177725
          }
        },
        "10": {
          "num_trial_vectors": 40,
          "root1": {
            "residual": 4.011329096979462e-05,
            "energy": 0.10832248433931861
          },
          "root2": {
            "residual": 2.5072906847561504e-05,
            "energy": 0.13076210302751767
          },
          "root3": {
            "residual": 0.0001227057426040124,
            "energy": 0.1472933379295645
          },
          "root4": {
            "residual": 0.0007113160647368912,
            "energy": 0.2596003100913092
          },
          "performance": {
            "total_time": 0.618287406
          }
        },
        "11": {
          "num_trial_vectors": 44,
          "root1": {
            "residual": 1.1817543302307669e-05,
            "energy": 0.10832226171450701
          },
          "root2": {
            "residual": 5.24686471651378e-06,
            "energy": 0.13076189826314813
          },
          "root3": {
            "residual": 3.532973515032577e-05,
            "energy": 0.14729570739515316
          },
          "root4": {
            "residual": 0.000339131893118854,
            "energy": 0.25961107468640027
          },
          "performance": {
            "total_time": 0.66477268
          }
        },
        "12": {
          "num_trial_vectors": 48,
          "root1": {
            "residual": 4.548417421287605e-06,
            "energy": 0.10832208541804828
          },
          "root2": {
            "residual": 1.8816233400761884e-06,
            "energy": 0.13076199618304382
          },
          "root3": {
            "residual": 1.0733781635563864e-05,
            "energy": 0.14729586628359229
          },
          "root4": {
            "residual": 0.00012217348167080835,
            "energy": 0.2596128378685482
          },
          "performance": {
            "total_time": 0.756288657
          }
        },
        "13": {
          "num_trial_vectors": 52,
          "root1": {
            "residual": 1.9115824252415388e-06,
            "energy": 0.10832213113502077
          },
          "root2": {
            "residual": 4.384077849068747e-07,
            "energy": 0.1307620241706879
          },
          "root3": {
            "residual": 2.778126963054677e-06,
            "energy": 0.14729584696076106
          },
          "root4": {
            "residual": 3.550397662160579e-05,
            "energy": 0.25961285001695483
          },
          "performance": {
            "total_time": 0.743261744
          }
        },
        "14": {
          "num_trial_vectors": 55,
          "root1": {
            "residual": 5.757786477009707e-07,
            "energy": 0.10832212776041338
          },
          "root2": {
            "residual": 4.3840778500686465e-07,
            "energy": 0.13076202417068924
          },
          "root3": {
            "residual": 6.753570113837782e-07,
            "energy": 0.14729584086886272
          },
          "root4": {
            "residual": 1.1324122877726769e-05,
            "energy": 0.25961261402519026
          },
          "performance": {
            "total_time": 0.535565103
          }
        },
        "15": {
          "num_trial_vectors": 56,
          "root1": {
            "residual": 5.757786474009401e-07,
            "energy": 0.10832212776041293
          },
          "root2": {
            "residual": 4.384077858629141e-07,
            "energy": 0.13076202417069502
          },
          "root3": {
            "residual": 6.753570112938429e-07,
            "energy": 0.14729584086886172
          },
          "root4": {
            "residual": 4.321313520197893e-06,
            "energy": 0.25961255648167053
          },
          "performance": {
            "total_time": 0.290352979
          }
        },
        "16": {
          "num_trial_vectors": 57,
          "root1": {
            "residual": 5.757786473952363e-07,
            "energy": 0.1083221277604135
          },
          "root2": {
            "residual": 4.384077858501754e-07,
            "energy": 0.13076202417069085
          },
          "root3": {
            "residual": 6.753570113328389e-07,
            "energy": 0.14729584086886208
          },
          "root4": {
            "residual": 1.6201430435608948e-06,
            "energy": 0.25961250712644574
          },
          "performance": {
            "total_time": 0.291502473
          }
        },
        "17": {
          "num_trial_vectors": 58,
          "root1": {
            "residual": 5.757786471566917e-07,
            "energy": 0.10832212776041106
          },
          "root2": {
            "residual": 4.3840778545932874e-07,
            "energy": 0.13076202417068966
          },
          "root3": {
            "residual": 6.753570118228874e-07,
            "energy": 0.14729584086885938
          },
          "root4": {
            "residual": 5.997435084850678e-07,
            "energy": 0.25961250697573707
          },
          "performance": {
            "total_time": 0.238516228
          }
        }
      }
    }
  },
  "molecule": {
    "name": "h2o_eom",
    "basis": {
      "basisset": "cc-pvdz"
    },
    "nbf": 24,
    "nshells": 12,
    "nelectrons": 10,
    "nelectrons_alpha": 5,
    "nelectrons_beta": 5
  },
  "input": {
    "geometry": {
      "coordinates": [
        "H    0.000000000000000   1.579252144093028   2.174611055780858",
        "O    0.000000000000000   0.000000000000000   0.000000000000000",
        "H    0.000000000000000   1.579252144093028  -2.174611055780858"
      ],
      "units": "bohr"
    },
    "basis": {
      "basisset": "cc-pvdz"
    },
    "common": {
      "maxiter": 100
    },
    "SCF": {
      "tol_int": 1e-16,
      "tol_lindep": 1e-06,
      "conve": 1e-09,
      "convd": 1e-08,
      "diis_hist": 10,
      "charge": 0,
      "multiplicity": 1,
      "scf_type": "restricted",
      "writem": 10
    },
    "CD": {
      "diagtol": 1e-12,
      "max_cvecs": 40
    },
    "CC": {
      "threshold": 1e-06,
      "ndiis": 5,
      "writet": false,
      "ccsd_maxiter": 100,
      "CCSD(T)": {
        "ccsdt_tilesize": 28
      },
      "debug": false,
      "nactive_va": 0,
      "EOMCCSD": {
        "eom_nroots": 4
      }
    },
    "TASK": {
      "eom_ccsd": true
    }
  }
}
